<?xml version="1.0"?>
<link_info>
   <banner>TMS320C55x Linker PC v4.4.1</banner>
   <copyright>Copyright (c) 1996-2012 Texas Instruments Incorporated</copyright>
   <link_time>0x63a0924f</link_time>
   <output_file>Vezba5b.out</output_file>
   <entry_point>
      <name>_c_int00</name>
      <address>0x24b89</address>
   </entry_point>
   <input_file_list>
      <input_file id="fl-2">
         <path>.\</path>
         <kind>object</kind>
         <file>WAVheader.obj</file>
         <name>WAVheader.obj</name>
      </input_file>
      <input_file id="fl-3">
         <path>.\</path>
         <kind>object</kind>
         <file>aic3204.obj</file>
         <name>aic3204.obj</name>
      </input_file>
      <input_file id="fl-4">
         <path>.\</path>
         <kind>object</kind>
         <file>aic3204_init.obj</file>
         <name>aic3204_init.obj</name>
      </input_file>
      <input_file id="fl-5">
         <path>.\</path>
         <kind>object</kind>
         <file>ezdsp5535_aic3204_dma.obj</file>
         <name>ezdsp5535_aic3204_dma.obj</name>
      </input_file>
      <input_file id="fl-6">
         <path>.\</path>
         <kind>object</kind>
         <file>main.obj</file>
         <name>main.obj</name>
      </input_file>
      <input_file id="fl-11">
         <path>..\lib\</path>
         <kind>archive</kind>
         <file>ezdsp5535bsl.lib</file>
         <name>ezdsp5535.obj</name>
      </input_file>
      <input_file id="fl-12">
         <path>C:\ti\ccsv6\tools\compiler\c5500_4.4.1\lib\</path>
         <kind>archive</kind>
         <file>rts55x.lib</file>
         <name>boot.obj</name>
      </input_file>
      <input_file id="fl-13">
         <path>C:\ti\ccsv6\tools\compiler\c5500_4.4.1\lib\</path>
         <kind>archive</kind>
         <file>rts55x.lib</file>
         <name>divul.obj</name>
      </input_file>
      <input_file id="fl-14">
         <path>C:\ti\ccsv6\tools\compiler\c5500_4.4.1\lib\</path>
         <kind>archive</kind>
         <file>rts55x.lib</file>
         <name>exit.obj</name>
      </input_file>
      <input_file id="fl-15">
         <path>C:\ti\ccsv6\tools\compiler\c5500_4.4.1\lib\</path>
         <kind>archive</kind>
         <file>rts55x.lib</file>
         <name>fclose.obj</name>
      </input_file>
      <input_file id="fl-16">
         <path>C:\ti\ccsv6\tools\compiler\c5500_4.4.1\lib\</path>
         <kind>archive</kind>
         <file>rts55x.lib</file>
         <name>fflush.obj</name>
      </input_file>
      <input_file id="fl-17">
         <path>C:\ti\ccsv6\tools\compiler\c5500_4.4.1\lib\</path>
         <kind>archive</kind>
         <file>rts55x.lib</file>
         <name>fopen.obj</name>
      </input_file>
      <input_file id="fl-18">
         <path>C:\ti\ccsv6\tools\compiler\c5500_4.4.1\lib\</path>
         <kind>archive</kind>
         <file>rts55x.lib</file>
         <name>fread.obj</name>
      </input_file>
      <input_file id="fl-19">
         <path>C:\ti\ccsv6\tools\compiler\c5500_4.4.1\lib\</path>
         <kind>archive</kind>
         <file>rts55x.lib</file>
         <name>fwrite.obj</name>
      </input_file>
      <input_file id="fl-1a">
         <path>C:\ti\ccsv6\tools\compiler\c5500_4.4.1\lib\</path>
         <kind>archive</kind>
         <file>rts55x.lib</file>
         <name>lowlev.obj</name>
      </input_file>
      <input_file id="fl-1b">
         <path>C:\ti\ccsv6\tools\compiler\c5500_4.4.1\lib\</path>
         <kind>archive</kind>
         <file>rts55x.lib</file>
         <name>memcpy.obj</name>
      </input_file>
      <input_file id="fl-1c">
         <path>C:\ti\ccsv6\tools\compiler\c5500_4.4.1\lib\</path>
         <kind>archive</kind>
         <file>rts55x.lib</file>
         <name>memory.obj</name>
      </input_file>
      <input_file id="fl-1d">
         <path>C:\ti\ccsv6\tools\compiler\c5500_4.4.1\lib\</path>
         <kind>archive</kind>
         <file>rts55x.lib</file>
         <name>printf.obj</name>
      </input_file>
      <input_file id="fl-1e">
         <path>C:\ti\ccsv6\tools\compiler\c5500_4.4.1\lib\</path>
         <kind>archive</kind>
         <file>rts55x.lib</file>
         <name>remove.obj</name>
      </input_file>
      <input_file id="fl-1f">
         <path>C:\ti\ccsv6\tools\compiler\c5500_4.4.1\lib\</path>
         <kind>archive</kind>
         <file>rts55x.lib</file>
         <name>trgdrv.obj</name>
      </input_file>
      <input_file id="fl-20">
         <path>C:\ti\ccsv6\tools\compiler\c5500_4.4.1\lib\</path>
         <kind>archive</kind>
         <file>rts55x.lib</file>
         <name>trgmsg.obj</name>
      </input_file>
      <input_file id="fl-21">
         <path>C:\ti\ccsv6\tools\compiler\c5500_4.4.1\lib\</path>
         <kind>archive</kind>
         <file>rts55x.lib</file>
         <name>udiv.obj</name>
      </input_file>
      <input_file id="fl-22">
         <path>C:\ti\ccsv6\tools\compiler\c5500_4.4.1\lib\</path>
         <kind>archive</kind>
         <file>rts55x.lib</file>
         <name>vectors.obj</name>
      </input_file>
      <input_file id="fl-23">
         <path>C:\ti\ccsv6\tools\compiler\c5500_4.4.1\lib\</path>
         <kind>archive</kind>
         <file>rts55x.lib</file>
         <name>_bufread.obj</name>
      </input_file>
      <input_file id="fl-24">
         <path>C:\ti\ccsv6\tools\compiler\c5500_4.4.1\lib\</path>
         <kind>archive</kind>
         <file>rts55x.lib</file>
         <name>_io_perm.obj</name>
      </input_file>
      <input_file id="fl-25">
         <path>C:\ti\ccsv6\tools\compiler\c5500_4.4.1\lib\</path>
         <kind>archive</kind>
         <file>rts55x.lib</file>
         <name>_lock.obj</name>
      </input_file>
      <input_file id="fl-26">
         <path>C:\ti\ccsv6\tools\compiler\c5500_4.4.1\lib\</path>
         <kind>archive</kind>
         <file>rts55x.lib</file>
         <name>_printfi.obj</name>
      </input_file>
      <input_file id="fl-27">
         <path>C:\ti\ccsv6\tools\compiler\c5500_4.4.1\lib\</path>
         <kind>archive</kind>
         <file>rts55x.lib</file>
         <name>args_main.obj</name>
      </input_file>
      <input_file id="fl-28">
         <path>C:\ti\ccsv6\tools\compiler\c5500_4.4.1\lib\</path>
         <kind>archive</kind>
         <file>rts55x.lib</file>
         <name>atoi.obj</name>
      </input_file>
      <input_file id="fl-29">
         <path>C:\ti\ccsv6\tools\compiler\c5500_4.4.1\lib\</path>
         <kind>archive</kind>
         <file>rts55x.lib</file>
         <name>autoinit.obj</name>
      </input_file>
      <input_file id="fl-2a">
         <path>C:\ti\ccsv6\tools\compiler\c5500_4.4.1\lib\</path>
         <kind>archive</kind>
         <file>rts55x.lib</file>
         <name>cmpd.obj</name>
      </input_file>
      <input_file id="fl-2b">
         <path>C:\ti\ccsv6\tools\compiler\c5500_4.4.1\lib\</path>
         <kind>archive</kind>
         <file>rts55x.lib</file>
         <name>ctype.obj</name>
      </input_file>
      <input_file id="fl-2c">
         <path>C:\ti\ccsv6\tools\compiler\c5500_4.4.1\lib\</path>
         <kind>archive</kind>
         <file>rts55x.lib</file>
         <name>defs.obj</name>
      </input_file>
      <input_file id="fl-2d">
         <path>C:\ti\ccsv6\tools\compiler\c5500_4.4.1\lib\</path>
         <kind>archive</kind>
         <file>rts55x.lib</file>
         <name>divd.obj</name>
      </input_file>
      <input_file id="fl-2e">
         <path>C:\ti\ccsv6\tools\compiler\c5500_4.4.1\lib\</path>
         <kind>archive</kind>
         <file>rts55x.lib</file>
         <name>fixdi.obj</name>
      </input_file>
      <input_file id="fl-2f">
         <path>C:\ti\ccsv6\tools\compiler\c5500_4.4.1\lib\</path>
         <kind>archive</kind>
         <file>rts55x.lib</file>
         <name>fixdli.obj</name>
      </input_file>
      <input_file id="fl-30">
         <path>C:\ti\ccsv6\tools\compiler\c5500_4.4.1\lib\</path>
         <kind>archive</kind>
         <file>rts55x.lib</file>
         <name>fltlid.obj</name>
      </input_file>
      <input_file id="fl-31">
         <path>C:\ti\ccsv6\tools\compiler\c5500_4.4.1\lib\</path>
         <kind>archive</kind>
         <file>rts55x.lib</file>
         <name>fputc.obj</name>
      </input_file>
      <input_file id="fl-32">
         <path>C:\ti\ccsv6\tools\compiler\c5500_4.4.1\lib\</path>
         <kind>archive</kind>
         <file>rts55x.lib</file>
         <name>fputs.obj</name>
      </input_file>
      <input_file id="fl-33">
         <path>C:\ti\ccsv6\tools\compiler\c5500_4.4.1\lib\</path>
         <kind>archive</kind>
         <file>rts55x.lib</file>
         <name>frcmpyd_div.obj</name>
      </input_file>
      <input_file id="fl-34">
         <path>C:\ti\ccsv6\tools\compiler\c5500_4.4.1\lib\</path>
         <kind>archive</kind>
         <file>rts55x.lib</file>
         <name>fseek.obj</name>
      </input_file>
      <input_file id="fl-35">
         <path>C:\ti\ccsv6\tools\compiler\c5500_4.4.1\lib\</path>
         <kind>archive</kind>
         <file>rts55x.lib</file>
         <name>isinf.obj</name>
      </input_file>
      <input_file id="fl-36">
         <path>C:\ti\ccsv6\tools\compiler\c5500_4.4.1\lib\</path>
         <kind>archive</kind>
         <file>rts55x.lib</file>
         <name>llmpy.obj</name>
      </input_file>
      <input_file id="fl-37">
         <path>C:\ti\ccsv6\tools\compiler\c5500_4.4.1\lib\</path>
         <kind>archive</kind>
         <file>rts55x.lib</file>
         <name>lmpy.obj</name>
      </input_file>
      <input_file id="fl-38">
         <path>C:\ti\ccsv6\tools\compiler\c5500_4.4.1\lib\</path>
         <kind>archive</kind>
         <file>rts55x.lib</file>
         <name>ltoa.obj</name>
      </input_file>
      <input_file id="fl-39">
         <path>C:\ti\ccsv6\tools\compiler\c5500_4.4.1\lib\</path>
         <kind>archive</kind>
         <file>rts55x.lib</file>
         <name>memccpy.obj</name>
      </input_file>
      <input_file id="fl-3a">
         <path>C:\ti\ccsv6\tools\compiler\c5500_4.4.1\lib\</path>
         <kind>archive</kind>
         <file>rts55x.lib</file>
         <name>mpyd.obj</name>
      </input_file>
      <input_file id="fl-3b">
         <path>C:\ti\ccsv6\tools\compiler\c5500_4.4.1\lib\</path>
         <kind>archive</kind>
         <file>rts55x.lib</file>
         <name>negd.obj</name>
      </input_file>
      <input_file id="fl-3c">
         <path>C:\ti\ccsv6\tools\compiler\c5500_4.4.1\lib\</path>
         <kind>archive</kind>
         <file>rts55x.lib</file>
         <name>remli.obj</name>
      </input_file>
      <input_file id="fl-3d">
         <path>C:\ti\ccsv6\tools\compiler\c5500_4.4.1\lib\</path>
         <kind>archive</kind>
         <file>rts55x.lib</file>
         <name>remul.obj</name>
      </input_file>
      <input_file id="fl-3e">
         <path>C:\ti\ccsv6\tools\compiler\c5500_4.4.1\lib\</path>
         <kind>archive</kind>
         <file>rts55x.lib</file>
         <name>setvbuf.obj</name>
      </input_file>
      <input_file id="fl-3f">
         <path>C:\ti\ccsv6\tools\compiler\c5500_4.4.1\lib\</path>
         <kind>archive</kind>
         <file>rts55x.lib</file>
         <name>subd.obj</name>
      </input_file>
      <input_file id="fl-40">
         <path>C:\ti\ccsv6\tools\compiler\c5500_4.4.1\lib\</path>
         <kind>archive</kind>
         <file>rts55x.lib</file>
         <name>addd.obj</name>
      </input_file>
      <input_file id="fl-41">
         <path>C:\ti\ccsv6\tools\compiler\c5500_4.4.1\lib\</path>
         <kind>archive</kind>
         <file>rts55x.lib</file>
         <name>divli.obj</name>
      </input_file>
      <input_file id="fl-42">
         <path>C:\ti\ccsv6\tools\compiler\c5500_4.4.1\lib\</path>
         <kind>archive</kind>
         <file>rts55x.lib</file>
         <name>frcmpyd.obj</name>
      </input_file>
   </input_file_list>
   <object_component_list>
      <object_component id="oc-97">
         <name>.text</name>
         <load_address>0x20000</load_address>
         <run_address>0x20000</run_address>
         <size>0x15a4</size>
         <input_file_ref idref="fl-26"/>
      </object_component>
      <object_component id="oc-5d">
         <name>.text</name>
         <load_address>0x215a4</load_address>
         <run_address>0x215a4</run_address>
         <size>0x543</size>
         <input_file_ref idref="fl-1a"/>
      </object_component>
      <object_component id="oc-76">
         <name>.text</name>
         <load_address>0x21ae7</load_address>
         <run_address>0x21ae7</run_address>
         <size>0x528</size>
         <input_file_ref idref="fl-1f"/>
      </object_component>
      <object_component id="oc-67">
         <name>.text</name>
         <load_address>0x2200f</load_address>
         <run_address>0x2200f</run_address>
         <size>0x4b5</size>
         <input_file_ref idref="fl-1c"/>
      </object_component>
      <object_component id="oc-b3">
         <name>.text</name>
         <load_address>0x224c4</load_address>
         <run_address>0x224c4</run_address>
         <size>0x3cc</size>
         <input_file_ref idref="fl-2d"/>
      </object_component>
      <object_component id="oc-14">
         <name>.text</name>
         <load_address>0x22890</load_address>
         <run_address>0x22890</run_address>
         <size>0x309</size>
         <input_file_ref idref="fl-3"/>
      </object_component>
      <object_component id="oc-4f">
         <name>.text</name>
         <load_address>0x22b99</load_address>
         <run_address>0x22b99</run_address>
         <size>0x27f</size>
         <input_file_ref idref="fl-17"/>
      </object_component>
      <object_component id="oc-d9">
         <name>.text</name>
         <load_address>0x22e18</load_address>
         <run_address>0x22e18</run_address>
         <size>0x25e</size>
         <input_file_ref idref="fl-36"/>
      </object_component>
      <object_component id="oc-101">
         <name>.text</name>
         <load_address>0x23076</load_address>
         <run_address>0x23076</run_address>
         <size>0x25a</size>
         <input_file_ref idref="fl-40"/>
      </object_component>
      <object_component id="oc-2b">
         <name>.text</name>
         <load_address>0x232d0</load_address>
         <run_address>0x232d0</run_address>
         <size>0x249</size>
         <input_file_ref idref="fl-6"/>
      </object_component>
      <object_component id="oc-24">
         <name>.text</name>
         <load_address>0x23519</load_address>
         <run_address>0x23519</run_address>
         <size>0x207</size>
         <input_file_ref idref="fl-5"/>
      </object_component>
      <object_component id="oc-59">
         <name>.text</name>
         <load_address>0x23720</load_address>
         <run_address>0x23720</run_address>
         <size>0x1ee</size>
         <input_file_ref idref="fl-19"/>
      </object_component>
      <object_component id="oc-a9">
         <name>.text</name>
         <load_address>0x2390e</load_address>
         <run_address>0x2390e</run_address>
         <size>0x1ea</size>
         <input_file_ref idref="fl-2a"/>
      </object_component>
      <object_component id="oc-c8">
         <name>.text</name>
         <load_address>0x23af8</load_address>
         <run_address>0x23af8</run_address>
         <size>0x163</size>
         <input_file_ref idref="fl-32"/>
      </object_component>
      <object_component id="oc-e9">
         <name>.text</name>
         <load_address>0x23c5b</load_address>
         <run_address>0x23c5b</run_address>
         <size>0x14c</size>
         <input_file_ref idref="fl-3a"/>
      </object_component>
      <object_component id="oc-55">
         <name>.text</name>
         <load_address>0x23da7</load_address>
         <run_address>0x23da7</run_address>
         <size>0x10f</size>
         <input_file_ref idref="fl-18"/>
      </object_component>
      <object_component id="oc-1c">
         <name>.text</name>
         <load_address>0x23eb6</load_address>
         <run_address>0x23eb6</run_address>
         <size>0xf6</size>
         <input_file_ref idref="fl-4"/>
      </object_component>
      <object_component id="oc-f9">
         <name>.text</name>
         <load_address>0x23fac</load_address>
         <run_address>0x23fac</run_address>
         <size>0xe6</size>
         <input_file_ref idref="fl-3e"/>
      </object_component>
      <object_component id="oc-8d">
         <name>.text</name>
         <load_address>0x24092</load_address>
         <run_address>0x24092</run_address>
         <size>0xdd</size>
         <input_file_ref idref="fl-24"/>
      </object_component>
      <object_component id="oc-4b">
         <name>.text</name>
         <load_address>0x2416f</load_address>
         <run_address>0x2416f</run_address>
         <size>0xc2</size>
         <input_file_ref idref="fl-16"/>
      </object_component>
      <object_component id="oc-7e">
         <name>.text:CIO_breakpoint</name>
         <load_address>0x24231</load_address>
         <run_address>0x24231</run_address>
         <size>0xba</size>
         <input_file_ref idref="fl-20"/>
      </object_component>
      <object_component id="oc-89">
         <name>.text</name>
         <load_address>0x242eb</load_address>
         <run_address>0x242eb</run_address>
         <size>0xae</size>
         <input_file_ref idref="fl-23"/>
      </object_component>
      <object_component id="oc-c4">
         <name>.text</name>
         <load_address>0x24399</load_address>
         <run_address>0x24399</run_address>
         <size>0xa6</size>
         <input_file_ref idref="fl-31"/>
      </object_component>
      <object_component id="oc-3c">
         <name>.text</name>
         <load_address>0x2443f</load_address>
         <run_address>0x2443f</run_address>
         <size>0xa1</size>
         <input_file_ref idref="fl-13"/>
      </object_component>
      <object_component id="oc-e1">
         <name>.text</name>
         <load_address>0x244e0</load_address>
         <run_address>0x244e0</run_address>
         <size>0x7d</size>
         <input_file_ref idref="fl-38"/>
      </object_component>
      <object_component id="oc-47">
         <name>.text</name>
         <load_address>0x2455d</load_address>
         <run_address>0x2455d</run_address>
         <size>0x7b</size>
         <input_file_ref idref="fl-15"/>
      </object_component>
      <object_component id="oc-109">
         <name>.text</name>
         <load_address>0x245d8</load_address>
         <run_address>0x245d8</run_address>
         <size>0x76</size>
         <input_file_ref idref="fl-42"/>
      </object_component>
      <object_component id="oc-cd">
         <name>.text</name>
         <load_address>0x2464e</load_address>
         <run_address>0x2464e</run_address>
         <size>0x73</size>
         <input_file_ref idref="fl-33"/>
      </object_component>
      <object_component id="oc-f5">
         <name>.text</name>
         <load_address>0x246c1</load_address>
         <run_address>0x246c1</run_address>
         <size>0x72</size>
         <input_file_ref idref="fl-3d"/>
      </object_component>
      <object_component id="oc-bb">
         <name>.text</name>
         <load_address>0x24733</load_address>
         <run_address>0x24733</run_address>
         <size>0x6f</size>
         <input_file_ref idref="fl-2f"/>
      </object_component>
      <object_component id="oc-7b">
         <name>.text</name>
         <load_address>0x247a2</load_address>
         <run_address>0x247a2</run_address>
         <size>0x6d</size>
         <input_file_ref idref="fl-20"/>
      </object_component>
      <object_component id="oc-d1">
         <name>.text</name>
         <load_address>0x2480f</load_address>
         <run_address>0x2480f</run_address>
         <size>0x6b</size>
         <input_file_ref idref="fl-34"/>
      </object_component>
      <object_component id="oc-bf">
         <name>.text</name>
         <load_address>0x2487a</load_address>
         <run_address>0x2487a</run_address>
         <size>0x67</size>
         <input_file_ref idref="fl-30"/>
      </object_component>
      <object_component id="oc-a1">
         <name>.text</name>
         <load_address>0x248e1</load_address>
         <run_address>0x248e1</run_address>
         <size>0x5c</size>
         <input_file_ref idref="fl-28"/>
      </object_component>
      <object_component id="oc-33">
         <name>.text</name>
         <load_address>0x2493d</load_address>
         <run_address>0x2493d</run_address>
         <size>0x54</size>
         <input_file_ref idref="fl-11"/>
      </object_component>
      <object_component id="oc-6e">
         <name>.text</name>
         <load_address>0x24991</load_address>
         <run_address>0x24991</run_address>
         <size>0x50</size>
         <input_file_ref idref="fl-1d"/>
      </object_component>
      <object_component id="oc-a5">
         <name>.text</name>
         <load_address>0x249e1</load_address>
         <run_address>0x249e1</run_address>
         <size>0x4d</size>
         <input_file_ref idref="fl-29"/>
      </object_component>
      <object_component id="oc-9d">
         <name>.text</name>
         <load_address>0x24a2e</load_address>
         <run_address>0x24a2e</run_address>
         <size>0x4b</size>
         <input_file_ref idref="fl-27"/>
      </object_component>
      <object_component id="oc-f1">
         <name>.text</name>
         <load_address>0x24a79</load_address>
         <run_address>0x24a79</run_address>
         <size>0x4b</size>
         <input_file_ref idref="fl-3c"/>
      </object_component>
      <object_component id="oc-105">
         <name>.text</name>
         <load_address>0x24ac4</load_address>
         <run_address>0x24ac4</run_address>
         <size>0x48</size>
         <input_file_ref idref="fl-41"/>
      </object_component>
      <object_component id="oc-63">
         <name>.text</name>
         <load_address>0x24b0c</load_address>
         <run_address>0x24b0c</run_address>
         <size>0x3f</size>
         <input_file_ref idref="fl-1b"/>
      </object_component>
      <object_component id="oc-40">
         <name>.text</name>
         <load_address>0x24b4b</load_address>
         <run_address>0x24b4b</run_address>
         <size>0x3e</size>
         <input_file_ref idref="fl-14"/>
      </object_component>
      <object_component id="oc-10">
         <name>.text</name>
         <load_address>0x24b89</load_address>
         <run_address>0x24b89</run_address>
         <size>0x34</size>
         <input_file_ref idref="fl-12"/>
      </object_component>
      <object_component id="oc-b7">
         <name>.text</name>
         <load_address>0x24bbd</load_address>
         <run_address>0x24bbd</run_address>
         <size>0x2a</size>
         <input_file_ref idref="fl-2e"/>
      </object_component>
      <object_component id="oc-81">
         <name>.text</name>
         <load_address>0x24be7</load_address>
         <run_address>0x24be7</run_address>
         <size>0x2a</size>
         <input_file_ref idref="fl-21"/>
      </object_component>
      <object_component id="oc-e5">
         <name>.text</name>
         <load_address>0x24c11</load_address>
         <run_address>0x24c11</run_address>
         <size>0x23</size>
         <input_file_ref idref="fl-39"/>
      </object_component>
      <object_component id="oc-d5">
         <name>.text</name>
         <load_address>0x24c34</load_address>
         <run_address>0x24c34</run_address>
         <size>0x1a</size>
         <input_file_ref idref="fl-35"/>
      </object_component>
      <object_component id="oc-fd">
         <name>.text</name>
         <load_address>0x24c4e</load_address>
         <run_address>0x24c4e</run_address>
         <size>0x14</size>
         <input_file_ref idref="fl-3f"/>
      </object_component>
      <object_component id="oc-dd">
         <name>.text</name>
         <load_address>0x24c62</load_address>
         <run_address>0x24c62</run_address>
         <size>0x13</size>
         <input_file_ref idref="fl-37"/>
      </object_component>
      <object_component id="oc-91">
         <name>.text</name>
         <load_address>0x24c75</load_address>
         <run_address>0x24c75</run_address>
         <size>0x12</size>
         <input_file_ref idref="fl-25"/>
      </object_component>
      <object_component id="oc-ed">
         <name>.text</name>
         <load_address>0x24c87</load_address>
         <run_address>0x24c87</run_address>
         <size>0x10</size>
         <input_file_ref idref="fl-3b"/>
      </object_component>
      <object_component id="oc-72">
         <name>.text</name>
         <load_address>0x24c97</load_address>
         <run_address>0x24c97</run_address>
         <size>0xa</size>
         <input_file_ref idref="fl-1e"/>
      </object_component>
      <object_component id="oc-44">
         <name>.text:CIO_breakpoint</name>
         <load_address>0x24ca1</load_address>
         <run_address>0x24ca1</run_address>
         <size>0x7</size>
         <input_file_ref idref="fl-14"/>
      </object_component>
      <object_component id="oc-85">
         <name>.text</name>
         <load_address>0x24ca8</load_address>
         <run_address>0x24ca8</run_address>
         <size>0x2</size>
         <input_file_ref idref="fl-22"/>
      </object_component>
      <object_component id="oc-38">
         <name>.stack</name>
         <uninitialized>true</uninitialized>
         <run_address>0xc0</run_address>
         <size>0x0</size>
         <input_file_ref idref="fl-12"/>
      </object_component>
      <object_component id="oc-127">
         <name>.stack</name>
         <uninitialized>true</uninitialized>
         <run_address>0xc0</run_address>
         <size>0x0</size>
      </object_component>
      <object_component id="oc-10d">
         <name>.sysstack</name>
         <uninitialized>true</uninitialized>
         <run_address>0x20c0</run_address>
         <size>0x0</size>
         <input_file_ref idref="fl-12"/>
      </object_component>
      <object_component id="oc-129">
         <name>.sysstack</name>
         <uninitialized>true</uninitialized>
         <run_address>0x20c0</run_address>
         <size>0x0</size>
      </object_component>
      <object_component id="oc-2c">
         <name>.bss</name>
         <uninitialized>true</uninitialized>
         <run_address>0x50c0</run_address>
         <size>0xa68</size>
         <input_file_ref idref="fl-6"/>
      </object_component>
      <object_component id="oc-25">
         <name>.bss</name>
         <uninitialized>true</uninitialized>
         <run_address>0x5b28</run_address>
         <size>0x800</size>
         <input_file_ref idref="fl-5"/>
      </object_component>
      <object_component id="oc-af">
         <name>.bss</name>
         <uninitialized>true</uninitialized>
         <run_address>0x6328</run_address>
         <size>0x232</size>
         <input_file_ref idref="fl-2c"/>
      </object_component>
      <object_component id="oc-77">
         <name>.bss</name>
         <uninitialized>true</uninitialized>
         <run_address>0x655a</run_address>
         <size>0x1a0</size>
         <input_file_ref idref="fl-1f"/>
      </object_component>
      <object_component id="oc-50">
         <name>.bss</name>
         <uninitialized>true</uninitialized>
         <run_address>0x66fa</run_address>
         <size>0x2</size>
         <input_file_ref idref="fl-17"/>
      </object_component>
      <object_component id="oc-5e">
         <name>.bss</name>
         <uninitialized>true</uninitialized>
         <run_address>0x66fc</run_address>
         <size>0xe2</size>
         <input_file_ref idref="fl-1a"/>
      </object_component>
      <object_component id="oc-68">
         <name>.bss</name>
         <uninitialized>true</uninitialized>
         <run_address>0x67e0</run_address>
         <size>0xc</size>
         <input_file_ref idref="fl-1c"/>
      </object_component>
      <object_component id="oc-15">
         <name>.bss</name>
         <uninitialized>true</uninitialized>
         <run_address>0x67ec</run_address>
         <size>0xa</size>
         <input_file_ref idref="fl-3"/>
      </object_component>
      <object_component id="oc-1d">
         <name>.bss</name>
         <uninitialized>true</uninitialized>
         <run_address>0x67f8</run_address>
         <size>0x8</size>
         <input_file_ref idref="fl-4"/>
      </object_component>
      <object_component id="oc-92">
         <name>.bss</name>
         <uninitialized>true</uninitialized>
         <run_address>0x6800</run_address>
         <size>0x8</size>
         <input_file_ref idref="fl-25"/>
      </object_component>
      <object_component id="oc-41">
         <name>.bss</name>
         <uninitialized>true</uninitialized>
         <run_address>0x6808</run_address>
         <size>0x8</size>
         <input_file_ref idref="fl-14"/>
      </object_component>
      <object_component id="oc-10e">
         <name>.const:__ctypes_</name>
         <load_address>0x6810</load_address>
         <run_address>0x6810</run_address>
         <size>0x202</size>
         <input_file_ref idref="fl-2b"/>
      </object_component>
      <object_component id="oc-20">
         <name>.const:.string</name>
         <load_address>0x6a14</load_address>
         <run_address>0x6a14</run_address>
         <size>0xee</size>
         <input_file_ref idref="fl-4"/>
      </object_component>
      <object_component id="oc-2f">
         <name>.const:.string</name>
         <load_address>0x6b04</load_address>
         <run_address>0x6b04</run_address>
         <size>0xc2</size>
         <input_file_ref idref="fl-6"/>
      </object_component>
      <object_component id="oc-18">
         <name>.const:.string</name>
         <load_address>0x6bc8</load_address>
         <run_address>0x6bc8</run_address>
         <size>0x74</size>
         <input_file_ref idref="fl-3"/>
      </object_component>
      <object_component id="oc-27">
         <name>.const:.string</name>
         <load_address>0x6c3c</load_address>
         <run_address>0x6c3c</run_address>
         <size>0x72</size>
         <input_file_ref idref="fl-5"/>
      </object_component>
      <object_component id="oc-9a">
         <name>.const:.string</name>
         <load_address>0x6cb0</load_address>
         <run_address>0x6cb0</run_address>
         <size>0x48</size>
         <input_file_ref idref="fl-26"/>
      </object_component>
      <object_component id="oc-99">
         <name>.const</name>
         <load_address>0x6cf8</load_address>
         <run_address>0x6cf8</run_address>
         <size>0x18</size>
         <input_file_ref idref="fl-26"/>
      </object_component>
      <object_component id="oc-10f">
         <name>.const:_initial_approx$1</name>
         <load_address>0x6d10</load_address>
         <run_address>0x6d10</run_address>
         <size>0x10</size>
         <input_file_ref idref="fl-2d"/>
      </object_component>
      <object_component id="oc-ca">
         <name>.const:.string</name>
         <load_address>0x6d20</load_address>
         <run_address>0x6d20</run_address>
         <size>0x4</size>
         <input_file_ref idref="fl-32"/>
      </object_component>
      <object_component id="oc-c1">
         <name>.const</name>
         <load_address>0x6d24</load_address>
         <run_address>0x6d24</run_address>
         <size>0x4</size>
         <input_file_ref idref="fl-30"/>
      </object_component>
      <object_component id="oc-6b">
         <name>.sysmem</name>
         <uninitialized>true</uninitialized>
         <run_address>0x30c0</run_address>
         <size>0x0</size>
         <input_file_ref idref="fl-1c"/>
      </object_component>
      <object_component id="oc-128">
         <name>.sysmem</name>
         <uninitialized>true</uninitialized>
         <run_address>0x30c0</run_address>
         <size>0x0</size>
      </object_component>
      <object_component id="oc-2e">
         <name>.cinit</name>
         <load_address>0x40000</load_address>
         <run_address>0x40000</run_address>
         <size>0x204</size>
         <input_file_ref idref="fl-6"/>
      </object_component>
      <object_component id="oc-60">
         <name>.cinit</name>
         <load_address>0x40204</load_address>
         <run_address>0x40204</run_address>
         <size>0x5a</size>
         <input_file_ref idref="fl-1a"/>
      </object_component>
      <object_component id="oc-b1">
         <name>.cinit</name>
         <load_address>0x4025e</load_address>
         <run_address>0x4025e</run_address>
         <size>0x54</size>
         <input_file_ref idref="fl-2c"/>
      </object_component>
      <object_component id="oc-1f">
         <name>.cinit</name>
         <load_address>0x402b2</load_address>
         <run_address>0x402b2</run_address>
         <size>0x14</size>
         <input_file_ref idref="fl-4"/>
      </object_component>
      <object_component id="oc-94">
         <name>.cinit</name>
         <load_address>0x402c6</load_address>
         <run_address>0x402c6</run_address>
         <size>0x14</size>
         <input_file_ref idref="fl-25"/>
      </object_component>
      <object_component id="oc-43">
         <name>.cinit</name>
         <load_address>0x402da</load_address>
         <run_address>0x402da</run_address>
         <size>0x14</size>
         <input_file_ref idref="fl-14"/>
      </object_component>
      <object_component id="oc-17">
         <name>.cinit</name>
         <load_address>0x402ee</load_address>
         <run_address>0x402ee</run_address>
         <size>0x8</size>
         <input_file_ref idref="fl-3"/>
      </object_component>
      <object_component id="oc-52">
         <name>.cinit</name>
         <load_address>0x402f6</load_address>
         <run_address>0x402f6</run_address>
         <size>0x8</size>
         <input_file_ref idref="fl-17"/>
      </object_component>
      <object_component id="oc-6a">
         <name>.cinit</name>
         <load_address>0x402fe</load_address>
         <run_address>0x402fe</run_address>
         <size>0x8</size>
         <input_file_ref idref="fl-1c"/>
      </object_component>
      <object_component id="oc-7d">
         <name>.cio</name>
         <uninitialized>true</uninitialized>
         <run_address>0x40308</run_address>
         <size>0x240</size>
         <input_file_ref idref="fl-20"/>
      </object_component>
      <object_component id="oc-11">
         <name>vectors</name>
         <load_address>0x4fe00</load_address>
         <run_address>0x4fe00</run_address>
         <size>0x100</size>
         <input_file_ref idref="fl-22"/>
      </object_component>
      <object_component id="oc-12">
         <name>.debug_info</name>
         <load_address>0x0</load_address>
         <run_address>0x0</run_address>
         <size>0x76b</size>
         <input_file_ref idref="fl-2"/>
      </object_component>
      <object_component id="oc-16">
         <name>.debug_info</name>
         <load_address>0x76b</load_address>
         <run_address>0x76b</run_address>
         <size>0x1196</size>
         <input_file_ref idref="fl-3"/>
      </object_component>
      <object_component id="oc-1e">
         <name>.debug_info</name>
         <load_address>0x1901</load_address>
         <run_address>0x1901</run_address>
         <size>0x964</size>
         <input_file_ref idref="fl-4"/>
      </object_component>
      <object_component id="oc-26">
         <name>.debug_info</name>
         <load_address>0x2265</load_address>
         <run_address>0x2265</run_address>
         <size>0xbb6</size>
         <input_file_ref idref="fl-5"/>
      </object_component>
      <object_component id="oc-2d">
         <name>.debug_info</name>
         <load_address>0x2e1b</load_address>
         <run_address>0x2e1b</run_address>
         <size>0x11f2</size>
         <input_file_ref idref="fl-6"/>
      </object_component>
      <object_component id="oc-34">
         <name>.debug_info</name>
         <load_address>0x400d</load_address>
         <run_address>0x400d</run_address>
         <size>0x5896</size>
         <input_file_ref idref="fl-11"/>
      </object_component>
      <object_component id="oc-39">
         <name>.debug_info</name>
         <load_address>0x98a3</load_address>
         <run_address>0x98a3</run_address>
         <size>0xe8</size>
         <input_file_ref idref="fl-12"/>
      </object_component>
      <object_component id="oc-3d">
         <name>.debug_info</name>
         <load_address>0x998b</load_address>
         <run_address>0x998b</run_address>
         <size>0x534</size>
         <input_file_ref idref="fl-13"/>
      </object_component>
      <object_component id="oc-42">
         <name>.debug_info</name>
         <load_address>0x9ebf</load_address>
         <run_address>0x9ebf</run_address>
         <size>0x5fb</size>
         <input_file_ref idref="fl-14"/>
      </object_component>
      <object_component id="oc-48">
         <name>.debug_info</name>
         <load_address>0xa4ba</load_address>
         <run_address>0xa4ba</run_address>
         <size>0x64f</size>
         <input_file_ref idref="fl-15"/>
      </object_component>
      <object_component id="oc-4c">
         <name>.debug_info</name>
         <load_address>0xab09</load_address>
         <run_address>0xab09</run_address>
         <size>0x706</size>
         <input_file_ref idref="fl-16"/>
      </object_component>
      <object_component id="oc-51">
         <name>.debug_info</name>
         <load_address>0xb20f</load_address>
         <run_address>0xb20f</run_address>
         <size>0xa1c</size>
         <input_file_ref idref="fl-17"/>
      </object_component>
      <object_component id="oc-56">
         <name>.debug_info</name>
         <load_address>0xbc2b</load_address>
         <run_address>0xbc2b</run_address>
         <size>0x762</size>
         <input_file_ref idref="fl-18"/>
      </object_component>
      <object_component id="oc-5a">
         <name>.debug_info</name>
         <load_address>0xc38d</load_address>
         <run_address>0xc38d</run_address>
         <size>0x8f7</size>
         <input_file_ref idref="fl-19"/>
      </object_component>
      <object_component id="oc-5f">
         <name>.debug_info</name>
         <load_address>0xcc84</load_address>
         <run_address>0xcc84</run_address>
         <size>0x144b</size>
         <input_file_ref idref="fl-1a"/>
      </object_component>
      <object_component id="oc-64">
         <name>.debug_info</name>
         <load_address>0xe0cf</load_address>
         <run_address>0xe0cf</run_address>
         <size>0xd1</size>
         <input_file_ref idref="fl-1b"/>
      </object_component>
      <object_component id="oc-69">
         <name>.debug_info</name>
         <load_address>0xe1a0</load_address>
         <run_address>0xe1a0</run_address>
         <size>0xb97</size>
         <input_file_ref idref="fl-1c"/>
      </object_component>
      <object_component id="oc-6f">
         <name>.debug_info</name>
         <load_address>0xed37</load_address>
         <run_address>0xed37</run_address>
         <size>0x76c</size>
         <input_file_ref idref="fl-1d"/>
      </object_component>
      <object_component id="oc-73">
         <name>.debug_info</name>
         <load_address>0xf4a3</load_address>
         <run_address>0xf4a3</run_address>
         <size>0x510</size>
         <input_file_ref idref="fl-1e"/>
      </object_component>
      <object_component id="oc-78">
         <name>.debug_info</name>
         <load_address>0xf9b3</load_address>
         <run_address>0xf9b3</run_address>
         <size>0xed4</size>
         <input_file_ref idref="fl-1f"/>
      </object_component>
      <object_component id="oc-7c">
         <name>.debug_info</name>
         <load_address>0x10887</load_address>
         <run_address>0x10887</run_address>
         <size>0x744</size>
         <input_file_ref idref="fl-20"/>
      </object_component>
      <object_component id="oc-82">
         <name>.debug_info</name>
         <load_address>0x10fcb</load_address>
         <run_address>0x10fcb</run_address>
         <size>0xef</size>
         <input_file_ref idref="fl-21"/>
      </object_component>
      <object_component id="oc-86">
         <name>.debug_info</name>
         <load_address>0x110ba</load_address>
         <run_address>0x110ba</run_address>
         <size>0xbc</size>
         <input_file_ref idref="fl-22"/>
      </object_component>
      <object_component id="oc-8a">
         <name>.debug_info</name>
         <load_address>0x11176</load_address>
         <run_address>0x11176</run_address>
         <size>0x6b8</size>
         <input_file_ref idref="fl-23"/>
      </object_component>
      <object_component id="oc-8e">
         <name>.debug_info</name>
         <load_address>0x1182e</load_address>
         <run_address>0x1182e</run_address>
         <size>0x662</size>
         <input_file_ref idref="fl-24"/>
      </object_component>
      <object_component id="oc-93">
         <name>.debug_info</name>
         <load_address>0x11e90</load_address>
         <run_address>0x11e90</run_address>
         <size>0x5bc</size>
         <input_file_ref idref="fl-25"/>
      </object_component>
      <object_component id="oc-98">
         <name>.debug_info</name>
         <load_address>0x1244c</load_address>
         <run_address>0x1244c</run_address>
         <size>0x27bd</size>
         <input_file_ref idref="fl-26"/>
      </object_component>
      <object_component id="oc-9e">
         <name>.debug_info</name>
         <load_address>0x14c09</load_address>
         <run_address>0x14c09</run_address>
         <size>0x586</size>
         <input_file_ref idref="fl-27"/>
      </object_component>
      <object_component id="oc-a2">
         <name>.debug_info</name>
         <load_address>0x1518f</load_address>
         <run_address>0x1518f</run_address>
         <size>0x5a4</size>
         <input_file_ref idref="fl-28"/>
      </object_component>
      <object_component id="oc-a6">
         <name>.debug_info</name>
         <load_address>0x15733</load_address>
         <run_address>0x15733</run_address>
         <size>0xcd</size>
         <input_file_ref idref="fl-29"/>
      </object_component>
      <object_component id="oc-aa">
         <name>.debug_info</name>
         <load_address>0x15800</load_address>
         <run_address>0x15800</run_address>
         <size>0x81f</size>
         <input_file_ref idref="fl-2a"/>
      </object_component>
      <object_component id="oc-ad">
         <name>.debug_info</name>
         <load_address>0x1601f</load_address>
         <run_address>0x1601f</run_address>
         <size>0x498</size>
         <input_file_ref idref="fl-2b"/>
      </object_component>
      <object_component id="oc-b0">
         <name>.debug_info</name>
         <load_address>0x164b7</load_address>
         <run_address>0x164b7</run_address>
         <size>0x57e</size>
         <input_file_ref idref="fl-2c"/>
      </object_component>
      <object_component id="oc-b4">
         <name>.debug_info</name>
         <load_address>0x16a35</load_address>
         <run_address>0x16a35</run_address>
         <size>0x7e8</size>
         <input_file_ref idref="fl-2d"/>
      </object_component>
      <object_component id="oc-b8">
         <name>.debug_info</name>
         <load_address>0x1721d</load_address>
         <run_address>0x1721d</run_address>
         <size>0x4cf</size>
         <input_file_ref idref="fl-2e"/>
      </object_component>
      <object_component id="oc-bc">
         <name>.debug_info</name>
         <load_address>0x176ec</load_address>
         <run_address>0x176ec</run_address>
         <size>0x534</size>
         <input_file_ref idref="fl-2f"/>
      </object_component>
      <object_component id="oc-c0">
         <name>.debug_info</name>
         <load_address>0x17c20</load_address>
         <run_address>0x17c20</run_address>
         <size>0x549</size>
         <input_file_ref idref="fl-30"/>
      </object_component>
      <object_component id="oc-c5">
         <name>.debug_info</name>
         <load_address>0x18169</load_address>
         <run_address>0x18169</run_address>
         <size>0x6aa</size>
         <input_file_ref idref="fl-31"/>
      </object_component>
      <object_component id="oc-c9">
         <name>.debug_info</name>
         <load_address>0x18813</load_address>
         <run_address>0x18813</run_address>
         <size>0x942</size>
         <input_file_ref idref="fl-32"/>
      </object_component>
      <object_component id="oc-ce">
         <name>.debug_info</name>
         <load_address>0x19155</load_address>
         <run_address>0x19155</run_address>
         <size>0x53e</size>
         <input_file_ref idref="fl-33"/>
      </object_component>
      <object_component id="oc-d2">
         <name>.debug_info</name>
         <load_address>0x19693</load_address>
         <run_address>0x19693</run_address>
         <size>0x5f7</size>
         <input_file_ref idref="fl-34"/>
      </object_component>
      <object_component id="oc-d6">
         <name>.debug_info</name>
         <load_address>0x19c8a</load_address>
         <run_address>0x19c8a</run_address>
         <size>0x680</size>
         <input_file_ref idref="fl-35"/>
      </object_component>
      <object_component id="oc-da">
         <name>.debug_info</name>
         <load_address>0x1a30a</load_address>
         <run_address>0x1a30a</run_address>
         <size>0x7d4</size>
         <input_file_ref idref="fl-36"/>
      </object_component>
      <object_component id="oc-de">
         <name>.debug_info</name>
         <load_address>0x1aade</load_address>
         <run_address>0x1aade</run_address>
         <size>0xbd</size>
         <input_file_ref idref="fl-37"/>
      </object_component>
      <object_component id="oc-e2">
         <name>.debug_info</name>
         <load_address>0x1ab9b</load_address>
         <run_address>0x1ab9b</run_address>
         <size>0x5ad</size>
         <input_file_ref idref="fl-38"/>
      </object_component>
      <object_component id="oc-e6">
         <name>.debug_info</name>
         <load_address>0x1b148</load_address>
         <run_address>0x1b148</run_address>
         <size>0x574</size>
         <input_file_ref idref="fl-39"/>
      </object_component>
      <object_component id="oc-ea">
         <name>.debug_info</name>
         <load_address>0x1b6bc</load_address>
         <run_address>0x1b6bc</run_address>
         <size>0x55b</size>
         <input_file_ref idref="fl-3a"/>
      </object_component>
      <object_component id="oc-ee">
         <name>.debug_info</name>
         <load_address>0x1bc17</load_address>
         <run_address>0x1bc17</run_address>
         <size>0x4b7</size>
         <input_file_ref idref="fl-3b"/>
      </object_component>
      <object_component id="oc-f2">
         <name>.debug_info</name>
         <load_address>0x1c0ce</load_address>
         <run_address>0x1c0ce</run_address>
         <size>0x4f2</size>
         <input_file_ref idref="fl-3c"/>
      </object_component>
      <object_component id="oc-f6">
         <name>.debug_info</name>
         <load_address>0x1c5c0</load_address>
         <run_address>0x1c5c0</run_address>
         <size>0x534</size>
         <input_file_ref idref="fl-3d"/>
      </object_component>
      <object_component id="oc-fa">
         <name>.debug_info</name>
         <load_address>0x1caf4</load_address>
         <run_address>0x1caf4</run_address>
         <size>0x64a</size>
         <input_file_ref idref="fl-3e"/>
      </object_component>
      <object_component id="oc-fe">
         <name>.debug_info</name>
         <load_address>0x1d13e</load_address>
         <run_address>0x1d13e</run_address>
         <size>0x4de</size>
         <input_file_ref idref="fl-3f"/>
      </object_component>
      <object_component id="oc-102">
         <name>.debug_info</name>
         <load_address>0x1d61c</load_address>
         <run_address>0x1d61c</run_address>
         <size>0x5ab</size>
         <input_file_ref idref="fl-40"/>
      </object_component>
      <object_component id="oc-106">
         <name>.debug_info</name>
         <load_address>0x1dbc7</load_address>
         <run_address>0x1dbc7</run_address>
         <size>0x4f2</size>
         <input_file_ref idref="fl-41"/>
      </object_component>
      <object_component id="oc-10a">
         <name>.debug_info</name>
         <load_address>0x1e0b9</load_address>
         <run_address>0x1e0b9</run_address>
         <size>0x4d2</size>
         <input_file_ref idref="fl-42"/>
      </object_component>
      <object_component id="oc-134">
         <name>.debug_info</name>
         <load_address>0x1e58b</load_address>
         <run_address>0x1e58b</run_address>
         <size>0x6e</size>
      </object_component>
      <object_component id="oc-13">
         <name>.debug_abbrev</name>
         <load_address>0x0</load_address>
         <run_address>0x0</run_address>
         <size>0x8c</size>
         <input_file_ref idref="fl-2"/>
      </object_component>
      <object_component id="oc-1b">
         <name>.debug_abbrev</name>
         <load_address>0x8c</load_address>
         <run_address>0x8c</run_address>
         <size>0x16d</size>
         <input_file_ref idref="fl-3"/>
      </object_component>
      <object_component id="oc-23">
         <name>.debug_abbrev</name>
         <load_address>0x1f9</load_address>
         <run_address>0x1f9</run_address>
         <size>0x121</size>
         <input_file_ref idref="fl-4"/>
      </object_component>
      <object_component id="oc-2a">
         <name>.debug_abbrev</name>
         <load_address>0x31a</load_address>
         <run_address>0x31a</run_address>
         <size>0x147</size>
         <input_file_ref idref="fl-5"/>
      </object_component>
      <object_component id="oc-32">
         <name>.debug_abbrev</name>
         <load_address>0x461</load_address>
         <run_address>0x461</run_address>
         <size>0x190</size>
         <input_file_ref idref="fl-6"/>
      </object_component>
      <object_component id="oc-37">
         <name>.debug_abbrev</name>
         <load_address>0x5f1</load_address>
         <run_address>0x5f1</run_address>
         <size>0x198</size>
         <input_file_ref idref="fl-11"/>
      </object_component>
      <object_component id="oc-3b">
         <name>.debug_abbrev</name>
         <load_address>0x789</load_address>
         <run_address>0x789</run_address>
         <size>0x3a</size>
         <input_file_ref idref="fl-12"/>
      </object_component>
      <object_component id="oc-3f">
         <name>.debug_abbrev</name>
         <load_address>0x7c3</load_address>
         <run_address>0x7c3</run_address>
         <size>0xb5</size>
         <input_file_ref idref="fl-13"/>
      </object_component>
      <object_component id="oc-46">
         <name>.debug_abbrev</name>
         <load_address>0x878</load_address>
         <run_address>0x878</run_address>
         <size>0xf7</size>
         <input_file_ref idref="fl-14"/>
      </object_component>
      <object_component id="oc-4a">
         <name>.debug_abbrev</name>
         <load_address>0x96f</load_address>
         <run_address>0x96f</run_address>
         <size>0x118</size>
         <input_file_ref idref="fl-15"/>
      </object_component>
      <object_component id="oc-4e">
         <name>.debug_abbrev</name>
         <load_address>0xa87</load_address>
         <run_address>0xa87</run_address>
         <size>0x136</size>
         <input_file_ref idref="fl-16"/>
      </object_component>
      <object_component id="oc-54">
         <name>.debug_abbrev</name>
         <load_address>0xbbd</load_address>
         <run_address>0xbbd</run_address>
         <size>0x1a2</size>
         <input_file_ref idref="fl-17"/>
      </object_component>
      <object_component id="oc-58">
         <name>.debug_abbrev</name>
         <load_address>0xd5f</load_address>
         <run_address>0xd5f</run_address>
         <size>0x111</size>
         <input_file_ref idref="fl-18"/>
      </object_component>
      <object_component id="oc-5c">
         <name>.debug_abbrev</name>
         <load_address>0xe70</load_address>
         <run_address>0xe70</run_address>
         <size>0x11e</size>
         <input_file_ref idref="fl-19"/>
      </object_component>
      <object_component id="oc-62">
         <name>.debug_abbrev</name>
         <load_address>0xf8e</load_address>
         <run_address>0xf8e</run_address>
         <size>0x225</size>
         <input_file_ref idref="fl-1a"/>
      </object_component>
      <object_component id="oc-66">
         <name>.debug_abbrev</name>
         <load_address>0x11b3</load_address>
         <run_address>0x11b3</run_address>
         <size>0x38</size>
         <input_file_ref idref="fl-1b"/>
      </object_component>
      <object_component id="oc-6d">
         <name>.debug_abbrev</name>
         <load_address>0x11eb</load_address>
         <run_address>0x11eb</run_address>
         <size>0x1de</size>
         <input_file_ref idref="fl-1c"/>
      </object_component>
      <object_component id="oc-71">
         <name>.debug_abbrev</name>
         <load_address>0x13c9</load_address>
         <run_address>0x13c9</run_address>
         <size>0x145</size>
         <input_file_ref idref="fl-1d"/>
      </object_component>
      <object_component id="oc-75">
         <name>.debug_abbrev</name>
         <load_address>0x150e</load_address>
         <run_address>0x150e</run_address>
         <size>0xbf</size>
         <input_file_ref idref="fl-1e"/>
      </object_component>
      <object_component id="oc-7a">
         <name>.debug_abbrev</name>
         <load_address>0x15cd</load_address>
         <run_address>0x15cd</run_address>
         <size>0x15a</size>
         <input_file_ref idref="fl-1f"/>
      </object_component>
      <object_component id="oc-80">
         <name>.debug_abbrev</name>
         <load_address>0x1727</load_address>
         <run_address>0x1727</run_address>
         <size>0xde</size>
         <input_file_ref idref="fl-20"/>
      </object_component>
      <object_component id="oc-84">
         <name>.debug_abbrev</name>
         <load_address>0x1805</load_address>
         <run_address>0x1805</run_address>
         <size>0x38</size>
         <input_file_ref idref="fl-21"/>
      </object_component>
      <object_component id="oc-88">
         <name>.debug_abbrev</name>
         <load_address>0x183d</load_address>
         <run_address>0x183d</run_address>
         <size>0x26</size>
         <input_file_ref idref="fl-22"/>
      </object_component>
      <object_component id="oc-8c">
         <name>.debug_abbrev</name>
         <load_address>0x1863</load_address>
         <run_address>0x1863</run_address>
         <size>0x124</size>
         <input_file_ref idref="fl-23"/>
      </object_component>
      <object_component id="oc-90">
         <name>.debug_abbrev</name>
         <load_address>0x1987</load_address>
         <run_address>0x1987</run_address>
         <size>0xd1</size>
         <input_file_ref idref="fl-24"/>
      </object_component>
      <object_component id="oc-96">
         <name>.debug_abbrev</name>
         <load_address>0x1a58</load_address>
         <run_address>0x1a58</run_address>
         <size>0x9f</size>
         <input_file_ref idref="fl-25"/>
      </object_component>
      <object_component id="oc-9c">
         <name>.debug_abbrev</name>
         <load_address>0x1af7</load_address>
         <run_address>0x1af7</run_address>
         <size>0x1f8</size>
         <input_file_ref idref="fl-26"/>
      </object_component>
      <object_component id="oc-a0">
         <name>.debug_abbrev</name>
         <load_address>0x1cef</load_address>
         <run_address>0x1cef</run_address>
         <size>0xec</size>
         <input_file_ref idref="fl-27"/>
      </object_component>
      <object_component id="oc-a4">
         <name>.debug_abbrev</name>
         <load_address>0x1ddb</load_address>
         <run_address>0x1ddb</run_address>
         <size>0xd5</size>
         <input_file_ref idref="fl-28"/>
      </object_component>
      <object_component id="oc-a8">
         <name>.debug_abbrev</name>
         <load_address>0x1eb0</load_address>
         <run_address>0x1eb0</run_address>
         <size>0x44</size>
         <input_file_ref idref="fl-29"/>
      </object_component>
      <object_component id="oc-ac">
         <name>.debug_abbrev</name>
         <load_address>0x1ef4</load_address>
         <run_address>0x1ef4</run_address>
         <size>0xb7</size>
         <input_file_ref idref="fl-2a"/>
      </object_component>
      <object_component id="oc-ae">
         <name>.debug_abbrev</name>
         <load_address>0x1fab</load_address>
         <run_address>0x1fab</run_address>
         <size>0x68</size>
         <input_file_ref idref="fl-2b"/>
      </object_component>
      <object_component id="oc-b2">
         <name>.debug_abbrev</name>
         <load_address>0x2013</load_address>
         <run_address>0x2013</run_address>
         <size>0x83</size>
         <input_file_ref idref="fl-2c"/>
      </object_component>
      <object_component id="oc-b6">
         <name>.debug_abbrev</name>
         <load_address>0x2096</load_address>
         <run_address>0x2096</run_address>
         <size>0x112</size>
         <input_file_ref idref="fl-2d"/>
      </object_component>
      <object_component id="oc-ba">
         <name>.debug_abbrev</name>
         <load_address>0x21a8</load_address>
         <run_address>0x21a8</run_address>
         <size>0x8f</size>
         <input_file_ref idref="fl-2e"/>
      </object_component>
      <object_component id="oc-be">
         <name>.debug_abbrev</name>
         <load_address>0x2237</load_address>
         <run_address>0x2237</run_address>
         <size>0xb7</size>
         <input_file_ref idref="fl-2f"/>
      </object_component>
      <object_component id="oc-c3">
         <name>.debug_abbrev</name>
         <load_address>0x22ee</load_address>
         <run_address>0x22ee</run_address>
         <size>0xc2</size>
         <input_file_ref idref="fl-30"/>
      </object_component>
      <object_component id="oc-c7">
         <name>.debug_abbrev</name>
         <load_address>0x23b0</load_address>
         <run_address>0x23b0</run_address>
         <size>0x103</size>
         <input_file_ref idref="fl-31"/>
      </object_component>
      <object_component id="oc-cc">
         <name>.debug_abbrev</name>
         <load_address>0x24b3</load_address>
         <run_address>0x24b3</run_address>
         <size>0x140</size>
         <input_file_ref idref="fl-32"/>
      </object_component>
      <object_component id="oc-d0">
         <name>.debug_abbrev</name>
         <load_address>0x25f3</load_address>
         <run_address>0x25f3</run_address>
         <size>0x9a</size>
         <input_file_ref idref="fl-33"/>
      </object_component>
      <object_component id="oc-d4">
         <name>.debug_abbrev</name>
         <load_address>0x268d</load_address>
         <run_address>0x268d</run_address>
         <size>0xd1</size>
         <input_file_ref idref="fl-34"/>
      </object_component>
      <object_component id="oc-d8">
         <name>.debug_abbrev</name>
         <load_address>0x275e</load_address>
         <run_address>0x275e</run_address>
         <size>0xd0</size>
         <input_file_ref idref="fl-35"/>
      </object_component>
      <object_component id="oc-dc">
         <name>.debug_abbrev</name>
         <load_address>0x282e</load_address>
         <run_address>0x282e</run_address>
         <size>0xb7</size>
         <input_file_ref idref="fl-36"/>
      </object_component>
      <object_component id="oc-e0">
         <name>.debug_abbrev</name>
         <load_address>0x28e5</load_address>
         <run_address>0x28e5</run_address>
         <size>0x38</size>
         <input_file_ref idref="fl-37"/>
      </object_component>
      <object_component id="oc-e4">
         <name>.debug_abbrev</name>
         <load_address>0x291d</load_address>
         <run_address>0x291d</run_address>
         <size>0xec</size>
         <input_file_ref idref="fl-38"/>
      </object_component>
      <object_component id="oc-e8">
         <name>.debug_abbrev</name>
         <load_address>0x2a09</load_address>
         <run_address>0x2a09</run_address>
         <size>0xb7</size>
         <input_file_ref idref="fl-39"/>
      </object_component>
      <object_component id="oc-ec">
         <name>.debug_abbrev</name>
         <load_address>0x2ac0</load_address>
         <run_address>0x2ac0</run_address>
         <size>0xdc</size>
         <input_file_ref idref="fl-3a"/>
      </object_component>
      <object_component id="oc-f0">
         <name>.debug_abbrev</name>
         <load_address>0x2b9c</load_address>
         <run_address>0x2b9c</run_address>
         <size>0x81</size>
         <input_file_ref idref="fl-3b"/>
      </object_component>
      <object_component id="oc-f4">
         <name>.debug_abbrev</name>
         <load_address>0x2c1d</load_address>
         <run_address>0x2c1d</run_address>
         <size>0xa6</size>
         <input_file_ref idref="fl-3c"/>
      </object_component>
      <object_component id="oc-f8">
         <name>.debug_abbrev</name>
         <load_address>0x2cc3</load_address>
         <run_address>0x2cc3</run_address>
         <size>0xb5</size>
         <input_file_ref idref="fl-3d"/>
      </object_component>
      <object_component id="oc-fc">
         <name>.debug_abbrev</name>
         <load_address>0x2d78</load_address>
         <run_address>0x2d78</run_address>
         <size>0x10b</size>
         <input_file_ref idref="fl-3e"/>
      </object_component>
      <object_component id="oc-100">
         <name>.debug_abbrev</name>
         <load_address>0x2e83</load_address>
         <run_address>0x2e83</run_address>
         <size>0x8f</size>
         <input_file_ref idref="fl-3f"/>
      </object_component>
      <object_component id="oc-104">
         <name>.debug_abbrev</name>
         <load_address>0x2f12</load_address>
         <run_address>0x2f12</run_address>
         <size>0xd4</size>
         <input_file_ref idref="fl-40"/>
      </object_component>
      <object_component id="oc-108">
         <name>.debug_abbrev</name>
         <load_address>0x2fe6</load_address>
         <run_address>0x2fe6</run_address>
         <size>0xa6</size>
         <input_file_ref idref="fl-41"/>
      </object_component>
      <object_component id="oc-10c">
         <name>.debug_abbrev</name>
         <load_address>0x308c</load_address>
         <run_address>0x308c</run_address>
         <size>0x81</size>
         <input_file_ref idref="fl-42"/>
      </object_component>
      <object_component id="oc-135">
         <name>.debug_abbrev</name>
         <load_address>0x310d</load_address>
         <run_address>0x310d</run_address>
         <size>0xd</size>
      </object_component>
      <object_component id="oc-19">
         <name>.debug_frame</name>
         <load_address>0x0</load_address>
         <run_address>0x0</run_address>
         <size>0x1de</size>
         <input_file_ref idref="fl-3"/>
      </object_component>
      <object_component id="oc-21">
         <name>.debug_frame</name>
         <load_address>0x1de</load_address>
         <run_address>0x1de</run_address>
         <size>0x139</size>
         <input_file_ref idref="fl-4"/>
      </object_component>
      <object_component id="oc-28">
         <name>.debug_frame</name>
         <load_address>0x317</load_address>
         <run_address>0x317</run_address>
         <size>0x135</size>
         <input_file_ref idref="fl-5"/>
      </object_component>
      <object_component id="oc-30">
         <name>.debug_frame</name>
         <load_address>0x44c</load_address>
         <run_address>0x44c</run_address>
         <size>0xff</size>
         <input_file_ref idref="fl-6"/>
      </object_component>
      <object_component id="oc-35">
         <name>.debug_frame</name>
         <load_address>0x54b</load_address>
         <run_address>0x54b</run_address>
         <size>0x116</size>
         <input_file_ref idref="fl-11"/>
      </object_component>
      <object_component id="oc-1a">
         <name>.debug_line</name>
         <load_address>0x0</load_address>
         <run_address>0x0</run_address>
         <size>0x170</size>
         <input_file_ref idref="fl-3"/>
      </object_component>
      <object_component id="oc-22">
         <name>.debug_line</name>
         <load_address>0x170</load_address>
         <run_address>0x170</run_address>
         <size>0xb8</size>
         <input_file_ref idref="fl-4"/>
      </object_component>
      <object_component id="oc-29">
         <name>.debug_line</name>
         <load_address>0x228</load_address>
         <run_address>0x228</run_address>
         <size>0x104</size>
         <input_file_ref idref="fl-5"/>
      </object_component>
      <object_component id="oc-31">
         <name>.debug_line</name>
         <load_address>0x32c</load_address>
         <run_address>0x32c</run_address>
         <size>0xec</size>
         <input_file_ref idref="fl-6"/>
      </object_component>
      <object_component id="oc-36">
         <name>.debug_line</name>
         <load_address>0x418</load_address>
         <run_address>0x418</run_address>
         <size>0x59c</size>
         <input_file_ref idref="fl-11"/>
      </object_component>
      <object_component id="oc-3a">
         <name>.debug_line</name>
         <load_address>0x9b4</load_address>
         <run_address>0x9b4</run_address>
         <size>0x54</size>
         <input_file_ref idref="fl-12"/>
      </object_component>
      <object_component id="oc-3e">
         <name>.debug_line</name>
         <load_address>0xa08</load_address>
         <run_address>0xa08</run_address>
         <size>0x44</size>
         <input_file_ref idref="fl-13"/>
      </object_component>
      <object_component id="oc-45">
         <name>.debug_line</name>
         <load_address>0xa4c</load_address>
         <run_address>0xa4c</run_address>
         <size>0x51</size>
         <input_file_ref idref="fl-14"/>
      </object_component>
      <object_component id="oc-49">
         <name>.debug_line</name>
         <load_address>0xa9d</load_address>
         <run_address>0xa9d</run_address>
         <size>0x3d</size>
         <input_file_ref idref="fl-15"/>
      </object_component>
      <object_component id="oc-4d">
         <name>.debug_line</name>
         <load_address>0xada</load_address>
         <run_address>0xada</run_address>
         <size>0x5b</size>
         <input_file_ref idref="fl-16"/>
      </object_component>
      <object_component id="oc-53">
         <name>.debug_line</name>
         <load_address>0xb35</load_address>
         <run_address>0xb35</run_address>
         <size>0xd7</size>
         <input_file_ref idref="fl-17"/>
      </object_component>
      <object_component id="oc-57">
         <name>.debug_line</name>
         <load_address>0xc0c</load_address>
         <run_address>0xc0c</run_address>
         <size>0x4d</size>
         <input_file_ref idref="fl-18"/>
      </object_component>
      <object_component id="oc-5b">
         <name>.debug_line</name>
         <load_address>0xc59</load_address>
         <run_address>0xc59</run_address>
         <size>0x97</size>
         <input_file_ref idref="fl-19"/>
      </object_component>
      <object_component id="oc-61">
         <name>.debug_line</name>
         <load_address>0xcf0</load_address>
         <run_address>0xcf0</run_address>
         <size>0x1b0</size>
         <input_file_ref idref="fl-1a"/>
      </object_component>
      <object_component id="oc-65">
         <name>.debug_line</name>
         <load_address>0xea0</load_address>
         <run_address>0xea0</run_address>
         <size>0x4d</size>
         <input_file_ref idref="fl-1b"/>
      </object_component>
      <object_component id="oc-6c">
         <name>.debug_line</name>
         <load_address>0xeed</load_address>
         <run_address>0xeed</run_address>
         <size>0x112</size>
         <input_file_ref idref="fl-1c"/>
      </object_component>
      <object_component id="oc-70">
         <name>.debug_line</name>
         <load_address>0xfff</load_address>
         <run_address>0xfff</run_address>
         <size>0x69</size>
         <input_file_ref idref="fl-1d"/>
      </object_component>
      <object_component id="oc-74">
         <name>.debug_line</name>
         <load_address>0x1068</load_address>
         <run_address>0x1068</run_address>
         <size>0x39</size>
         <input_file_ref idref="fl-1e"/>
      </object_component>
      <object_component id="oc-79">
         <name>.debug_line</name>
         <load_address>0x10a1</load_address>
         <run_address>0x10a1</run_address>
         <size>0x15d</size>
         <input_file_ref idref="fl-1f"/>
      </object_component>
      <object_component id="oc-7f">
         <name>.debug_line</name>
         <load_address>0x11fe</load_address>
         <run_address>0x11fe</run_address>
         <size>0x6a</size>
         <input_file_ref idref="fl-20"/>
      </object_component>
      <object_component id="oc-83">
         <name>.debug_line</name>
         <load_address>0x1268</load_address>
         <run_address>0x1268</run_address>
         <size>0x58</size>
         <input_file_ref idref="fl-21"/>
      </object_component>
      <object_component id="oc-87">
         <name>.debug_line</name>
         <load_address>0x12c0</load_address>
         <run_address>0x12c0</run_address>
         <size>0x37</size>
         <input_file_ref idref="fl-22"/>
      </object_component>
      <object_component id="oc-8b">
         <name>.debug_line</name>
         <load_address>0x12f7</load_address>
         <run_address>0x12f7</run_address>
         <size>0x4c</size>
         <input_file_ref idref="fl-23"/>
      </object_component>
      <object_component id="oc-8f">
         <name>.debug_line</name>
         <load_address>0x1343</load_address>
         <run_address>0x1343</run_address>
         <size>0x57</size>
         <input_file_ref idref="fl-24"/>
      </object_component>
      <object_component id="oc-95">
         <name>.debug_line</name>
         <load_address>0x139a</load_address>
         <run_address>0x139a</run_address>
         <size>0x57</size>
         <input_file_ref idref="fl-25"/>
      </object_component>
      <object_component id="oc-9b">
         <name>.debug_line</name>
         <load_address>0x13f1</load_address>
         <run_address>0x13f1</run_address>
         <size>0x328</size>
         <input_file_ref idref="fl-26"/>
      </object_component>
      <object_component id="oc-9f">
         <name>.debug_line</name>
         <load_address>0x1719</load_address>
         <run_address>0x1719</run_address>
         <size>0x41</size>
         <input_file_ref idref="fl-27"/>
      </object_component>
      <object_component id="oc-a3">
         <name>.debug_line</name>
         <load_address>0x175a</load_address>
         <run_address>0x175a</run_address>
         <size>0x46</size>
         <input_file_ref idref="fl-28"/>
      </object_component>
      <object_component id="oc-a7">
         <name>.debug_line</name>
         <load_address>0x17a0</load_address>
         <run_address>0x17a0</run_address>
         <size>0x55</size>
         <input_file_ref idref="fl-29"/>
      </object_component>
      <object_component id="oc-ab">
         <name>.debug_line</name>
         <load_address>0x17f5</load_address>
         <run_address>0x17f5</run_address>
         <size>0xad</size>
         <input_file_ref idref="fl-2a"/>
      </object_component>
      <object_component id="oc-b5">
         <name>.debug_line</name>
         <load_address>0x18a2</load_address>
         <run_address>0x18a2</run_address>
         <size>0x5b</size>
         <input_file_ref idref="fl-2d"/>
      </object_component>
      <object_component id="oc-b9">
         <name>.debug_line</name>
         <load_address>0x18fd</load_address>
         <run_address>0x18fd</run_address>
         <size>0x3d</size>
         <input_file_ref idref="fl-2e"/>
      </object_component>
      <object_component id="oc-bd">
         <name>.debug_line</name>
         <load_address>0x193a</load_address>
         <run_address>0x193a</run_address>
         <size>0x3d</size>
         <input_file_ref idref="fl-2f"/>
      </object_component>
      <object_component id="oc-c2">
         <name>.debug_line</name>
         <load_address>0x1977</load_address>
         <run_address>0x1977</run_address>
         <size>0x44</size>
         <input_file_ref idref="fl-30"/>
      </object_component>
      <object_component id="oc-c6">
         <name>.debug_line</name>
         <load_address>0x19bb</load_address>
         <run_address>0x19bb</run_address>
         <size>0x56</size>
         <input_file_ref idref="fl-31"/>
      </object_component>
      <object_component id="oc-cb">
         <name>.debug_line</name>
         <load_address>0x1a11</load_address>
         <run_address>0x1a11</run_address>
         <size>0xa8</size>
         <input_file_ref idref="fl-32"/>
      </object_component>
      <object_component id="oc-cf">
         <name>.debug_line</name>
         <load_address>0x1ab9</load_address>
         <run_address>0x1ab9</run_address>
         <size>0x40</size>
         <input_file_ref idref="fl-33"/>
      </object_component>
      <object_component id="oc-d3">
         <name>.debug_line</name>
         <load_address>0x1af9</load_address>
         <run_address>0x1af9</run_address>
         <size>0x3c</size>
         <input_file_ref idref="fl-34"/>
      </object_component>
      <object_component id="oc-d7">
         <name>.debug_line</name>
         <load_address>0x1b35</load_address>
         <run_address>0x1b35</run_address>
         <size>0x38</size>
         <input_file_ref idref="fl-35"/>
      </object_component>
      <object_component id="oc-db">
         <name>.debug_line</name>
         <load_address>0x1b6d</load_address>
         <run_address>0x1b6d</run_address>
         <size>0xa8</size>
         <input_file_ref idref="fl-36"/>
      </object_component>
      <object_component id="oc-df">
         <name>.debug_line</name>
         <load_address>0x1c15</load_address>
         <run_address>0x1c15</run_address>
         <size>0x3c</size>
         <input_file_ref idref="fl-37"/>
      </object_component>
      <object_component id="oc-e3">
         <name>.debug_line</name>
         <load_address>0x1c51</load_address>
         <run_address>0x1c51</run_address>
         <size>0x40</size>
         <input_file_ref idref="fl-38"/>
      </object_component>
      <object_component id="oc-e7">
         <name>.debug_line</name>
         <load_address>0x1c91</load_address>
         <run_address>0x1c91</run_address>
         <size>0x3c</size>
         <input_file_ref idref="fl-39"/>
      </object_component>
      <object_component id="oc-eb">
         <name>.debug_line</name>
         <load_address>0x1ccd</load_address>
         <run_address>0x1ccd</run_address>
         <size>0x3c</size>
         <input_file_ref idref="fl-3a"/>
      </object_component>
      <object_component id="oc-ef">
         <name>.debug_line</name>
         <load_address>0x1d09</load_address>
         <run_address>0x1d09</run_address>
         <size>0x37</size>
         <input_file_ref idref="fl-3b"/>
      </object_component>
      <object_component id="oc-f3">
         <name>.debug_line</name>
         <load_address>0x1d40</load_address>
         <run_address>0x1d40</run_address>
         <size>0x3c</size>
         <input_file_ref idref="fl-3c"/>
      </object_component>
      <object_component id="oc-f7">
         <name>.debug_line</name>
         <load_address>0x1d7c</load_address>
         <run_address>0x1d7c</run_address>
         <size>0x44</size>
         <input_file_ref idref="fl-3d"/>
      </object_component>
      <object_component id="oc-fb">
         <name>.debug_line</name>
         <load_address>0x1dc0</load_address>
         <run_address>0x1dc0</run_address>
         <size>0x3f</size>
         <input_file_ref idref="fl-3e"/>
      </object_component>
      <object_component id="oc-ff">
         <name>.debug_line</name>
         <load_address>0x1dff</load_address>
         <run_address>0x1dff</run_address>
         <size>0x37</size>
         <input_file_ref idref="fl-3f"/>
      </object_component>
      <object_component id="oc-103">
         <name>.debug_line</name>
         <load_address>0x1e36</load_address>
         <run_address>0x1e36</run_address>
         <size>0x5c</size>
         <input_file_ref idref="fl-40"/>
      </object_component>
      <object_component id="oc-107">
         <name>.debug_line</name>
         <load_address>0x1e92</load_address>
         <run_address>0x1e92</run_address>
         <size>0x3c</size>
         <input_file_ref idref="fl-41"/>
      </object_component>
      <object_component id="oc-10b">
         <name>.debug_line</name>
         <load_address>0x1ece</load_address>
         <run_address>0x1ece</run_address>
         <size>0x3a</size>
         <input_file_ref idref="fl-42"/>
      </object_component>
   </object_component_list>
   <logical_group_list>
      <logical_group id="lg-12b">
         <name>.text</name>
         <load_address>0x20000</load_address>
         <run_address>0x20000</run_address>
         <size>0x4cab</size>
         <contents>
            <object_component_ref idref="oc-97"/>
            <object_component_ref idref="oc-5d"/>
            <object_component_ref idref="oc-76"/>
            <object_component_ref idref="oc-67"/>
            <object_component_ref idref="oc-b3"/>
            <object_component_ref idref="oc-14"/>
            <object_component_ref idref="oc-4f"/>
            <object_component_ref idref="oc-d9"/>
            <object_component_ref idref="oc-101"/>
            <object_component_ref idref="oc-2b"/>
            <object_component_ref idref="oc-24"/>
            <object_component_ref idref="oc-59"/>
            <object_component_ref idref="oc-a9"/>
            <object_component_ref idref="oc-c8"/>
            <object_component_ref idref="oc-e9"/>
            <object_component_ref idref="oc-55"/>
            <object_component_ref idref="oc-1c"/>
            <object_component_ref idref="oc-f9"/>
            <object_component_ref idref="oc-8d"/>
            <object_component_ref idref="oc-4b"/>
            <object_component_ref idref="oc-7e"/>
            <object_component_ref idref="oc-89"/>
            <object_component_ref idref="oc-c4"/>
            <object_component_ref idref="oc-3c"/>
            <object_component_ref idref="oc-e1"/>
            <object_component_ref idref="oc-47"/>
            <object_component_ref idref="oc-109"/>
            <object_component_ref idref="oc-cd"/>
            <object_component_ref idref="oc-f5"/>
            <object_component_ref idref="oc-bb"/>
            <object_component_ref idref="oc-7b"/>
            <object_component_ref idref="oc-d1"/>
            <object_component_ref idref="oc-bf"/>
            <object_component_ref idref="oc-a1"/>
            <object_component_ref idref="oc-33"/>
            <object_component_ref idref="oc-6e"/>
            <object_component_ref idref="oc-a5"/>
            <object_component_ref idref="oc-9d"/>
            <object_component_ref idref="oc-f1"/>
            <object_component_ref idref="oc-105"/>
            <object_component_ref idref="oc-63"/>
            <object_component_ref idref="oc-40"/>
            <object_component_ref idref="oc-10"/>
            <object_component_ref idref="oc-b7"/>
            <object_component_ref idref="oc-81"/>
            <object_component_ref idref="oc-e5"/>
            <object_component_ref idref="oc-d5"/>
            <object_component_ref idref="oc-fd"/>
            <object_component_ref idref="oc-dd"/>
[...]
         <object_component_ref idref="oc-25"/>
      </symbol>
      <symbol id="sm-fa">
         <name>_FIRCoef_77</name>
         <value>0x5106</value>
         <object_component_ref idref="oc-2c"/>
      </symbol>
      <symbol id="sm-fb">
         <name>_main</name>
         <value>0x2335a</value>
         <object_component_ref idref="oc-2b"/>
      </symbol>
      <symbol id="sm-fc">
         <name>_my_fir_circular</name>
         <value>0x232d0</value>
         <object_component_ref idref="oc-2b"/>
      </symbol>
      <symbol id="sm-fd">
         <name>_FIRCoef_35</name>
         <value>0x50c0</value>
         <object_component_ref idref="oc-2c"/>
      </symbol>
      <symbol id="sm-fe">
         <name>_bufferR</name>
         <value>0x5a28</value>
         <object_component_ref idref="oc-2c"/>
      </symbol>
      <symbol id="sm-ff">
         <name>_bufferL</name>
         <value>0x5928</value>
         <object_component_ref idref="oc-2c"/>
      </symbol>
      <symbol id="sm-100">
         <name>_OutputBufferL</name>
         <value>0x5528</value>
         <object_component_ref idref="oc-2c"/>
      </symbol>
      <symbol id="sm-101">
         <name>_OutputBufferR</name>
         <value>0x5628</value>
         <object_component_ref idref="oc-2c"/>
      </symbol>
      <symbol id="sm-102">
         <name>_InputBufferL</name>
         <value>0x5328</value>
         <object_component_ref idref="oc-2c"/>
      </symbol>
      <symbol id="sm-103">
         <name>_InputBufferR</name>
         <value>0x5428</value>
         <object_component_ref idref="oc-2c"/>
      </symbol>
      <symbol id="sm-104">
         <name>_stateL</name>
         <value>0x52a2</value>
         <object_component_ref idref="oc-2c"/>
      </symbol>
      <symbol id="sm-105">
         <name>_stateR</name>
         <value>0x5324</value>
         <object_component_ref idref="oc-2c"/>
      </symbol>
      <symbol id="sm-106">
         <name>_historyL</name>
         <value>0x5728</value>
         <object_component_ref idref="oc-2c"/>
      </symbol>
      <symbol id="sm-107">
         <name>_historyR</name>
         <value>0x5828</value>
         <object_component_ref idref="oc-2c"/>
      </symbol>
      <symbol id="sm-108">
         <name>_FIRCoef_129</name>
         <value>0x51a0</value>
         <object_component_ref idref="oc-2c"/>
      </symbol>
      <symbol id="sm-116">
         <name>_EZDSP5535_waitusec</name>
         <value>0x24971</value>
         <object_component_ref idref="oc-33"/>
      </symbol>
      <symbol id="sm-117">
         <name>_EZDSP5535_init</name>
         <value>0x24983</value>
         <object_component_ref idref="oc-33"/>
      </symbol>
      <symbol id="sm-118">
         <name>_EZDSP5535_wait</name>
         <value>0x2493d</value>
         <object_component_ref idref="oc-33"/>
      </symbol>
      <symbol id="sm-124">
         <name>__sysstack</name>
         <value>0x20c0</value>
         <object_component_ref idref="oc-10d"/>
      </symbol>
      <symbol id="sm-125">
         <name>_c_int00</name>
         <value>0x24b89</value>
         <object_component_ref idref="oc-10"/>
      </symbol>
      <symbol id="sm-126">
         <name>__stack</name>
         <value>0xc0</value>
         <object_component_ref idref="oc-38"/>
      </symbol>
      <symbol id="sm-131">
         <name>__divul</name>
         <value>0x2443f</value>
         <object_component_ref idref="oc-3c"/>
      </symbol>
      <symbol id="sm-141">
         <name>C$$EXIT</name>
         <value>0x24ca2</value>
         <object_component_ref idref="oc-44"/>
      </symbol>
      <symbol id="sm-142">
         <name>_exit</name>
         <value>0x24b4b</value>
         <object_component_ref idref="oc-40"/>
      </symbol>
      <symbol id="sm-143">
         <name>_abort</name>
         <value>0x24ca1</value>
         <object_component_ref idref="oc-44"/>
      </symbol>
      <symbol id="sm-144">
         <name>__cleanup_ptr</name>
         <value>0x6808</value>
         <object_component_ref idref="oc-41"/>
      </symbol>
      <symbol id="sm-145">
         <name>__dtors_ptr</name>
         <value>0x680c</value>
         <object_component_ref idref="oc-41"/>
      </symbol>
      <symbol id="sm-14f">
         <name>_fclose</name>
         <value>0x2455d</value>
         <object_component_ref idref="oc-47"/>
      </symbol>
      <symbol id="sm-159">
         <name>__doflush</name>
         <value>0x2416f</value>
         <object_component_ref idref="oc-4b"/>
      </symbol>
      <symbol id="sm-15a">
         <name>_fflush</name>
         <value>0x241d8</value>
         <object_component_ref idref="oc-4b"/>
      </symbol>
      <symbol id="sm-169">
         <name>__cleanup</name>
         <value>0x22cba</value>
         <object_component_ref idref="oc-4f"/>
      </symbol>
      <symbol id="sm-16a">
         <name>_fopen</name>
         <value>0x22ddd</value>
         <object_component_ref idref="oc-4f"/>
      </symbol>
      <symbol id="sm-16b">
         <name>_freopen</name>
         <value>0x22d14</value>
         <object_component_ref idref="oc-4f"/>
      </symbol>
      <symbol id="sm-175">
         <name>_fread</name>
         <value>0x23da7</value>
         <object_component_ref idref="oc-55"/>
      </symbol>
      <symbol id="sm-181">
         <name>_fwrite</name>
         <value>0x23720</value>
         <object_component_ref idref="oc-59"/>
      </symbol>
      <symbol id="sm-193">
         <name>_add_device</name>
         <value>0x219f7</value>
         <object_component_ref idref="oc-5d"/>
      </symbol>
      <symbol id="sm-194">
         <name>_rename</name>
         <value>0x21719</value>
         <object_component_ref idref="oc-5d"/>
      </symbol>
      <symbol id="sm-195">
         <name>_read</name>
         <value>0x217a8</value>
         <object_component_ref idref="oc-5d"/>
      </symbol>
      <symbol id="sm-196">
         <name>_unlink</name>
         <value>0x216e6</value>
         <object_component_ref idref="oc-5d"/>
      </symbol>
      <symbol id="sm-197">
         <name>_remove_device</name>
         <value>0x21772</value>
         <object_component_ref idref="oc-5d"/>
      </symbol>
      <symbol id="sm-198">
         <name>_open</name>
         <value>0x21856</value>
         <object_component_ref idref="oc-5d"/>
      </symbol>
      <symbol id="sm-199">
         <name>_find_registered_device</name>
         <value>0x2197b</value>
         <object_component_ref idref="oc-5d"/>
      </symbol>
      <symbol id="sm-19a">
         <name>_lseek</name>
         <value>0x21915</value>
         <object_component_ref idref="oc-5d"/>
      </symbol>
      <symbol id="sm-19b">
         <name>_close</name>
         <value>0x21984</value>
         <object_component_ref idref="oc-5d"/>
      </symbol>
      <symbol id="sm-19c">
         <name>_write</name>
         <value>0x215a4</value>
         <object_component_ref idref="oc-5d"/>
      </symbol>
      <symbol id="sm-1a4">
         <name>_memcpy</name>
         <value>0x24b0c</value>
         <object_component_ref idref="oc-63"/>
      </symbol>
      <symbol id="sm-1b4">
         <name>__sys_memory</name>
         <value>0x30c0</value>
         <object_component_ref idref="oc-6b"/>
      </symbol>
      <symbol id="sm-1b5">
         <name>_chkheap</name>
         <value>0x22496</value>
         <object_component_ref idref="oc-67"/>
      </symbol>
      <symbol id="sm-1b6">
         <name>_realloc</name>
         <value>0x22235</value>
         <object_component_ref idref="oc-67"/>
      </symbol>
      <symbol id="sm-1b7">
         <name>_free_memory</name>
         <value>0x22440</value>
         <object_component_ref idref="oc-67"/>
      </symbol>
      <symbol id="sm-1b8">
         <name>_max_free</name>
         <value>0x223e6</value>
         <object_component_ref idref="oc-67"/>
      </symbol>
      <symbol id="sm-1b9">
         <name>_free</name>
         <value>0x2200f</value>
         <object_component_ref idref="oc-67"/>
      </symbol>
      <symbol id="sm-1ba">
         <name>_calloc</name>
         <value>0x2249e</value>
         <object_component_ref idref="oc-67"/>
      </symbol>
      <symbol id="sm-1bb">
         <name>_malloc</name>
         <value>0x22140</value>
         <object_component_ref idref="oc-67"/>
      </symbol>
      <symbol id="sm-1bc">
         <name>_minit</name>
         <value>0x220db</value>
         <object_component_ref idref="oc-67"/>
      </symbol>
      <symbol id="sm-1c6">
         <name>_printf</name>
         <value>0x24991</value>
         <object_component_ref idref="oc-6e"/>
      </symbol>
      <symbol id="sm-1d0">
         <name>_remove</name>
         <value>0x24c97</value>
         <object_component_ref idref="oc-72"/>
      </symbol>
      <symbol id="sm-1dc">
         <name>_HOSTopen</name>
         <value>0x21df2</value>
         <object_component_ref idref="oc-76"/>
      </symbol>
      <symbol id="sm-1dd">
         <name>_HOSTread</name>
         <value>0x21d65</value>
         <object_component_ref idref="oc-76"/>
      </symbol>
      <symbol id="sm-1de">
         <name>_HOSTtime</name>
         <value>0x21c59</value>
         <object_component_ref idref="oc-76"/>
      </symbol>
      <symbol id="sm-1df">
         <name>_getenv</name>
         <value>0x21ae7</value>
         <object_component_ref idref="oc-76"/>
      </symbol>
      <symbol id="sm-1e0">
         <name>_HOSTrename</name>
         <value>0x21cb7</value>
         <object_component_ref idref="oc-76"/>
      </symbol>
      <symbol id="sm-1e1">
         <name>_HOSTclock</name>
         <value>0x21fb1</value>
         <object_component_ref idref="oc-76"/>
      </symbol>
      <symbol id="sm-1e2">
         <name>_HOSTwrite</name>
         <value>0x21b62</value>
         <object_component_ref idref="oc-76"/>
      </symbol>
      <symbol id="sm-1e3">
         <name>_HOSTlseek</name>
         <value>0x21e91</value>
         <object_component_ref idref="oc-76"/>
      </symbol>
      <symbol id="sm-1e4">
         <name>_HOSTunlink</name>
         <value>0x21bef</value>
         <object_component_ref idref="oc-76"/>
      </symbol>
      <symbol id="sm-1e5">
         <name>_HOSTclose</name>
         <value>0x21f46</value>
         <object_component_ref idref="oc-76"/>
      </symbol>
      <symbol id="sm-1f7">
         <name>C$$IO$$</name>
         <value>0x242e6</value>
         <object_component_ref idref="oc-7e"/>
      </symbol>
      <symbol id="sm-1f8">
         <name>__CIOBUF_</name>
         <value>0x40308</value>
         <object_component_ref idref="oc-7d"/>
      </symbol>
      <symbol id="sm-1f9">
         <name>_readmsg</name>
         <value>0x247a2</value>
         <object_component_ref idref="oc-7b"/>
      </symbol>
      <symbol id="sm-1fa">
         <name>_writemsg</name>
         <value>0x24231</value>
         <object_component_ref idref="oc-7e"/>
      </symbol>
      <symbol id="sm-202">
         <name>__remu</name>
         <value>0x24bfc</value>
         <object_component_ref idref="oc-81"/>
      </symbol>
      <symbol id="sm-203">
         <name>__divu</name>
         <value>0x24be7</value>
         <object_component_ref idref="oc-81"/>
      </symbol>
      <symbol id="sm-204">
         <name>I$$UMOD</name>
         <value>0x24bfc</value>
         <object_component_ref idref="oc-81"/>
      </symbol>
      <symbol id="sm-205">
         <name>I$$UDIV</name>
         <value>0x24be7</value>
         <object_component_ref idref="oc-81"/>
      </symbol>
      <symbol id="sm-20f">
         <name>_Reset</name>
         <value>0x4fe00</value>
         <object_component_ref idref="oc-11"/>
      </symbol>
      <symbol id="sm-219">
         <name>__buff_read</name>
         <value>0x242eb</value>
         <object_component_ref idref="oc-89"/>
      </symbol>
      <symbol id="sm-223">
         <name>__rd_ok</name>
         <value>0x24112</value>
         <object_component_ref idref="oc-8d"/>
      </symbol>
      <symbol id="sm-224">
         <name>__wrt_ok</name>
         <value>0x24092</value>
         <object_component_ref idref="oc-8d"/>
      </symbol>
      <symbol id="sm-232">
         <name>__unlock</name>
         <value>0x6804</value>
         <object_component_ref idref="oc-92"/>
      </symbol>
      <symbol id="sm-233">
         <name>__lock</name>
         <value>0x6800</value>
         <object_component_ref idref="oc-92"/>
      </symbol>
      <symbol id="sm-234">
         <name>__register_lock</name>
         <value>0x24c7d</value>
         <object_component_ref idref="oc-91"/>
      </symbol>
      <symbol id="sm-235">
         <name>__nop</name>
         <value>0x24c85</value>
         <object_component_ref idref="oc-91"/>
      </symbol>
      <symbol id="sm-236">
         <name>__register_unlock</name>
         <value>0x24c75</value>
         <object_component_ref idref="oc-91"/>
      </symbol>
      <symbol id="sm-248">
         <name>__printfi</name>
         <value>0x21362</value>
         <object_component_ref idref="oc-97"/>
      </symbol>
      <symbol id="sm-252">
         <name>__args_main</name>
         <value>0x24a2e</value>
         <object_component_ref idref="oc-9d"/>
      </symbol>
      <symbol id="sm-253">
         <name>__TI_args_main</name>
         <value>0x1</value>
      </symbol>
      <symbol id="sm-25d">
         <name>_atoi</name>
         <value>0x248e1</value>
         <object_component_ref idref="oc-a1"/>
      </symbol>
      <symbol id="sm-265">
         <name>_auto_init</name>
         <value>0x249e1</value>
         <object_component_ref idref="oc-a5"/>
      </symbol>
      <symbol id="sm-26f">
         <name>__eqld</name>
         <value>0x23a6c</value>
         <object_component_ref idref="oc-a9"/>
      </symbol>
      <symbol id="sm-270">
         <name>__cmpd</name>
         <value>0x23aa0</value>
         <object_component_ref idref="oc-a9"/>
      </symbol>
      <symbol id="sm-271">
         <name>__neqd</name>
         <value>0x2390e</value>
         <object_component_ref idref="oc-a9"/>
      </symbol>
      <symbol id="sm-272">
         <name>__gtrd</name>
         <value>0x239d7</value>
         <object_component_ref idref="oc-a9"/>
      </symbol>
      <symbol id="sm-273">
         <name>__geqd</name>
         <value>0x23a22</value>
         <object_component_ref idref="oc-a9"/>
      </symbol>
      <symbol id="sm-274">
         <name>__leqd</name>
         <value>0x2398a</value>
         <object_component_ref idref="oc-a9"/>
      </symbol>
      <symbol id="sm-275">
         <name>__lssd</name>
         <value>0x23942</value>
         <object_component_ref idref="oc-a9"/>
      </symbol>
      <symbol id="sm-27d">
         <name>__ctypes_</name>
         <value>0x6810</value>
         <object_component_ref idref="oc-10e"/>
      </symbol>
      <symbol id="sm-287">
         <name>__tmpnams</name>
         <value>0x6418</value>
         <object_component_ref idref="oc-af"/>
      </symbol>
      <symbol id="sm-288">
         <name>__ft_end</name>
         <value>0x6558</value>
         <object_component_ref idref="oc-af"/>
      </symbol>
      <symbol id="sm-289">
         <name>__ftable</name>
         <value>0x6328</value>
         <object_component_ref idref="oc-af"/>
      </symbol>
      <symbol id="sm-295">
         <name>__divd</name>
         <value>0x224c4</value>
         <object_component_ref idref="oc-b3"/>
      </symbol>
      <symbol id="sm-29f">
         <name>__fixdi</name>
         <value>0x24bbd</value>
         <object_component_ref idref="oc-b7"/>
      </symbol>
      <symbol id="sm-2a9">
         <name>__fixdli</name>
         <value>0x24733</value>
         <object_component_ref idref="oc-bb"/>
      </symbol>
      <symbol id="sm-2b5">
         <name>__fltlid</name>
         <value>0x2487a</value>
         <object_component_ref idref="oc-bf"/>
      </symbol>
      <symbol id="sm-2bf">
         <name>_putchar</name>
         <value>0x24430</value>
         <object_component_ref idref="oc-c4"/>
      </symbol>
      <symbol id="sm-2c0">
         <name>_putc</name>
         <value>0x24399</value>
         <object_component_ref idref="oc-c4"/>
      </symbol>
      <symbol id="sm-2c1">
         <name>_fputc</name>
         <value>0x24399</value>
         <object_component_ref idref="oc-c4"/>
      </symbol>
      <symbol id="sm-2cf">
         <name>_puts</name>
         <value>0x23c2d</value>
         <object_component_ref idref="oc-c8"/>
      </symbol>
      <symbol id="sm-2d0">
         <name>_fputs</name>
         <value>0x23af8</value>
         <object_component_ref idref="oc-c8"/>
      </symbol>
      <symbol id="sm-2da">
         <name>__frcmpyd_div</name>
         <value>0x2464e</value>
         <object_component_ref idref="oc-cd"/>
      </symbol>
      <symbol id="sm-2e4">
         <name>_fseek</name>
         <value>0x2480f</value>
         <object_component_ref idref="oc-d1"/>
      </symbol>
      <symbol id="sm-2ee">
         <name>___isinf</name>
         <value>0x24c34</value>
         <object_component_ref idref="oc-d5"/>
      </symbol>
      <symbol id="sm-2f8">
         <name>__divull</name>
         <value>0x22f4d</value>
         <object_component_ref idref="oc-d9"/>
      </symbol>
      <symbol id="sm-2f9">
         <name>__mpylli</name>
         <value>0x22e95</value>
         <object_component_ref idref="oc-d9"/>
      </symbol>
      <symbol id="sm-2fa">
         <name>__remlli</name>
         <value>0x22e66</value>
         <object_component_ref idref="oc-d9"/>
      </symbol>
      <symbol id="sm-2fb">
         <name>__divlli</name>
         <value>0x23041</value>
         <object_component_ref idref="oc-d9"/>
      </symbol>
      <symbol id="sm-2fc">
         <name>__remull</name>
         <value>0x22e18</value>
         <object_component_ref idref="oc-d9"/>
      </symbol>
      <symbol id="sm-304">
         <name>__mpyli</name>
         <value>0x24c62</value>
         <object_component_ref idref="oc-dd"/>
      </symbol>
      <symbol id="sm-305">
         <name>I$$LMPY</name>
         <value>0x24c62</value>
         <object_component_ref idref="oc-dd"/>
      </symbol>
      <symbol id="sm-30f">
         <name>_ltoa</name>
         <value>0x244e0</value>
         <object_component_ref idref="oc-e1"/>
      </symbol>
      <symbol id="sm-31a">
         <name>_memccpy</name>
         <value>0x24c11</value>
         <object_component_ref idref="oc-e5"/>
      </symbol>
      <symbol id="sm-324">
         <name>__mpyd</name>
         <value>0x23c5b</value>
         <object_component_ref idref="oc-e9"/>
      </symbol>
      <symbol id="sm-32e">
         <name>__negd</name>
         <value>0x24c87</value>
         <object_component_ref idref="oc-ed"/>
      </symbol>
      <symbol id="sm-338">
         <name>__remli</name>
         <value>0x24a79</value>
         <object_component_ref idref="oc-f1"/>
      </symbol>
      <symbol id="sm-343">
         <name>__remul</name>
         <value>0x246c1</value>
         <object_component_ref idref="oc-f5"/>
      </symbol>
      <symbol id="sm-34d">
         <name>_setvbuf</name>
         <value>0x23fac</value>
         <object_component_ref idref="oc-f9"/>
      </symbol>
      <symbol id="sm-357">
         <name>__subd</name>
         <value>0x24c4e</value>
         <object_component_ref idref="oc-fd"/>
      </symbol>
      <symbol id="sm-361">
         <name>__addd</name>
         <value>0x23076</value>
         <object_component_ref idref="oc-101"/>
      </symbol>
      <symbol id="sm-36b">
         <name>__divli</name>
         <value>0x24ac4</value>
         <object_component_ref idref="oc-105"/>
      </symbol>
      <symbol id="sm-375">
         <name>__frcmpyd</name>
         <value>0x245d8</value>
         <object_component_ref idref="oc-109"/>
      </symbol>
   </symbol_table>
</link_info>
